0
100
1
400
2
400
3
200
4
400
5
300
6
400
7
400
8
400
9
400
1000
